[retrina.com/demo/arshia/arshia/cv/particle-02.html]
[backblue.gif]
[fade.gif]
[index.html]
[retrina.com/demo/arshia/arshia/cv/assets/img/favicon.ico]
[retrina.com/demo/arshia/arshia/cv/assets/css/font-awesome.min.css]
[retrina.com/demo/arshia/arshia/cv/assets/css/LineIcons.css]
[retrina.com/demo/arshia/arshia/cv/assets/css/bootstrap.css]
[retrina.com/demo/arshia/arshia/cv/assets/css/owl.carousel.min.css]
[retrina.com/demo/arshia/arshia/cv/assets/css/magnific-popup.css]
[retrina.com/demo/arshia/arshia/cv/assets/css/color/sky-blue-color.css]
[retrina.com/demo/arshia/arshia/cv/assets/css/main.css]
[retrina.com/demo/arshia/arshia/cv/assets/img/portfolio-15.jpg]
[retrina.com/demo/arshia/arshia/cv/blog.html]
[retrina.com/demo/arshia/arshia/cv/assets/img/blog-01.jpg]
[retrina.com/demo/arshia/arshia/cv/assets/img/client-02.png]
[retrina.com/demo/arshia/arshia/cv/assets/img/client-03.png]
[retrina.com/demo/arshia/arshia/cv/assets/img/client-01.png]
[retrina.com/demo/arshia/arshia/cv/assets/img/about-02.png]
[retrina.com/demo/arshia/arshia/cv/assets/img/client-04.png]
[retrina.com/demo/arshia/arshia/cv/assets/img/portfolio-10.jpg]
[retrina.com/demo/arshia/arshia/cv/assets/img/portfolio-11.jpg]
[retrina.com/demo/arshia/arshia/cv/assets/img/portfolio-12.jpg]
[retrina.com/demo/arshia/arshia/cv/assets/img/portfolio-13.jpg]
[retrina.com/demo/arshia/arshia/cv/assets/img/portfolio-14.jpg]
[retrina.com/demo/arshia/arshia/cv/assets/img/portfolio-16.jpg]
[retrina.com/demo/arshia/arshia/cv/assets/img/portfolio-17.jpg]
[retrina.com/demo/arshia/arshia/cv/assets/img/portfolio-18.jpg]
[retrina.com/demo/arshia/arshia/cv/portfolio.html]
[retrina.com/demo/arshia/arshia/cv/assets/img/blog-02.jpg]
[retrina.com/demo/arshia/arshia/cv/assets/img/blog-03.jpg]
[retrina.com/demo/arshia/arshia/cv/assets/img/blog-04.jpg]
[retrina.com/demo/arshia/arshia/cv/assets/img/blog-05.jpg]
[retrina.com/demo/arshia/arshia/cv/assets/img/blog-06.jpg]
[retrina.com/cdn-cgi/scripts/5c5dd728/cloudflare-static/email-decode.min.js]
[retrina.com/demo/arshia/arshia/cv/assets/js/jquery-3.4.1.min.js]
[retrina.com/demo/arshia/arshia/cv/assets/js/bootstrap.js]
[retrina.com/demo/arshia/arshia/cv/assets/js/jquery.easing.min.js]
[retrina.com/demo/arshia/arshia/cv/assets/js/jquery.countTo.js]
[retrina.com/demo/arshia/arshia/cv/assets/js/typed.js]
[retrina.com/demo/arshia/arshia/cv/assets/js/jquery.magnific-popup.min.js]
[retrina.com/demo/arshia/arshia/cv/assets/js/isotope.pkgd.min.js]
[retrina.com/demo/arshia/arshia/cv/assets/js/owl.carousel.min.js]
[retrina.com/demo/arshia/arshia/cv/assets/js/particles.min.js]
[retrina.com/demo/arshia/arshia/cv/assets/js/snow.js]
[retrina.com/demo/arshia/arshia/cv/particle-02.html]
[retrina.com/demo/arshia/arshia/cv/assets/js/arshia.js]
[retrina.com/demo/arshia/arshia/cv/assets/fonts/fontawesome-webfont3e6e.eot]
[retrina.com/demo/arshia/arshia/cv/assets/fonts/fontawesome-webfontd41d.eot]
[retrina.com/demo/arshia/arshia/cv/assets/fonts/fontawesome-webfont3e6e.woff2]
[retrina.com/demo/arshia/arshia/cv/assets/fonts/fontawesome-webfont3e6e.woff]
[retrina.com/demo/arshia/arshia/cv/assets/fonts/fontawesome-webfont3e6e.ttf]
[retrina.com/demo/arshia/arshia/cv/assets/css/font-awesome.min.css]
[retrina.com/demo/arshia/arshia/cv/assets/fonts/fontawesome-webfont3e6e.svg]
[retrina.com/demo/arshia/arshia/cv/assets/fonts/LineIcons5594.eot]
[retrina.com/demo/arshia/arshia/cv/assets/fonts/LineIcons5594.ttf]
[retrina.com/demo/arshia/arshia/cv/assets/fonts/LineIcons5594.woff]
[retrina.com/demo/arshia/arshia/cv/assets/css/LineIcons.css]
[retrina.com/demo/arshia/arshia/cv/assets/css/bootstrap.css]
[retrina.com/demo/arshia/arshia/cv/assets/fonts/LineIcons5594.svg]
[retrina.com/demo/arshia/arshia/cv/assets/css/owl.video.play.36.delayed]
[retrina.com/demo/arshia/arshia/cv/assets/css/owl.carousel.min.css]
[retrina.com/demo/arshia/arshia/cv/assets/css/magnific-popup.css]
[retrina.com/demo/arshia/arshia/cv/assets/css/color/sky-blue-color.css]
[retrina.com/demo/arshia/arshia/cv/assets/img/hero-01.jpg]
[retrina.com/demo/arshia/arshia/cv/assets/img/home-bg.jpg]
[retrina.com/demo/arshia/arshia/cv/assets/img/home-bg-3.jpg]
[retrina.com/demo/arshia/arshia/cv/assets/img/hero-001.jpg]
[retrina.com/demo/arshia/arshia/cv/assets/css/main.css]
[retrina.com/demo/arshia/arshia/cv/assets/css/color/green-color.css]
[retrina.com/demo/arshia/arshia/cv/colorfull.html]
[retrina.com/demo/arshia/arshia/cv/assets/img/blog-07.jpg]
[retrina.com/demo/arshia/arshia/cv/blog-single.html]
[retrina.com/demo/arshia/arshia/cv/assets/img/blog-08.jpg]
[retrina.com/demo/arshia/arshia/cv/assets/img/blog-09.jpg]
[retrina.com/demo/arshia/arshia/cv/assets/img/blog-10.jpg]
[retrina.com/demo/arshia/arshia/cv/assets/img/blog-11.jpg]
[retrina.com/demo/arshia/arshia/cv/assets/img/blog-12.jpg]
[retrina.com/demo/arshia/arshia/cv/blog.html]
[retrina.com/demo/arshia/arshia/cv/assets/css/color/blue-color.css]
[retrina.com/demo/arshia/arshia/cv/portfolio.html]
[retrina.com/demo/arshia/arshia/cv/assets/fonts/fontawesome-webfont3e6e.svg]
[retrina.com/demo/arshia/arshia/cv/assets/fonts/LineIcons5594.svg]
[retrina.com/demo/arshia/arshia/cv/assets/css/owl.video.play.html]
[retrina.com/demo/arshia/arshia/cv/assets/css/color/green-color.css]
[retrina.com/demo/arshia/arshia/cv/portfolio-single.html]
[retrina.com/demo/arshia/arshia/cv/assets/css/color/colorfull-main.css]
[retrina.com/demo/arshia/arshia/cv/assets/img/portfolio-01.jpg]
[retrina.com/demo/arshia/arshia/cv/assets/img/woman.png]
[retrina.com/demo/arshia/arshia/cv/assets/img/woman-avator.png]
[retrina.com/demo/arshia/arshia/cv/assets/img/man.png]
[retrina.com/demo/arshia/arshia/cv/assets/img/facebook.svg]
[retrina.com/demo/arshia/arshia/cv/assets/img/twitter.svg]
[retrina.com/demo/arshia/arshia/cv/assets/img/github.svg]
[retrina.com/demo/arshia/arshia/cv/assets/img/linkedin.svg]
[retrina.com/demo/arshia/arshia/cv/assets/img/element_square.png]
[retrina.com/demo/arshia/arshia/cv/assets/img/personal-image-05.jpg]
[retrina.com/demo/arshia/arshia/cv/assets/img/about-01.jpg]
[retrina.com/demo/arshia/arshia/cv/assets/img/folder.svg]
[retrina.com/demo/arshia/arshia/cv/assets/img/project.svg]
[retrina.com/demo/arshia/arshia/cv/assets/img/medal.svg]
[retrina.com/demo/arshia/arshia/cv/assets/img/happy.svg]
[retrina.com/demo/arshia/arshia/cv/assets/img/idea.svg]
[retrina.com/demo/arshia/arshia/cv/assets/img/support.svg]
[retrina.com/demo/arshia/arshia/cv/assets/img/portfolio.svg]
[retrina.com/demo/arshia/arshia/cv/assets/img/responsive-design(1).svg]
[retrina.com/demo/arshia/arshia/cv/assets/img/unlimited.svg]
[retrina.com/demo/arshia/arshia/cv/assets/img/premium-service.svg]
[retrina.com/demo/arshia/arshia/cv/assets/img/man-avator.png]
[retrina.com/demo/arshia/arshia/cv/assets/img/portfolio-02.jpg]
[retrina.com/demo/arshia/arshia/cv/assets/img/portfolio-03.jpg]
[retrina.com/demo/arshia/arshia/cv/assets/img/portfolio-04.jpg]
[retrina.com/demo/arshia/arshia/cv/assets/img/portfolio-05.jpg]
[retrina.com/demo/arshia/arshia/cv/assets/img/portfolio-06.jpg]
[retrina.com/demo/arshia/arshia/cv/assets/img/portfolio-07.jpg]
[retrina.com/demo/arshia/arshia/cv/assets/img/portfolio-08.jpg]
[retrina.com/demo/arshia/arshia/cv/assets/img/portfolio-09.jpg]
[retrina.com/demo/arshia/arshia/cv/assets/img/phone.svg]
[retrina.com/demo/arshia/arshia/cv/assets/img/location.svg]
[retrina.com/demo/arshia/arshia/cv/colorfull.html]
[retrina.com/demo/arshia/arshia/cv/blog-single.html]
[retrina.com/demo/arshia/arshia/cv/assets/css/color/blue-color.css]
[retrina.com/demo/arshia/arshia/cv/portfolio-single.html]
[retrina.com/demo/arshia/arshia/cv/assets/css/color/colorfull-main.css]
[retrina.com/demo/arshia/arshia/cv/assets/img/facebook.svg]
[retrina.com/demo/arshia/arshia/cv/assets/img/twitter.svg]
[retrina.com/demo/arshia/arshia/cv/assets/img/github.svg]
[retrina.com/demo/arshia/arshia/cv/assets/img/linkedin.svg]
[retrina.com/demo/arshia/arshia/cv/assets/img/folder.svg]
[retrina.com/demo/arshia/arshia/cv/assets/img/project.svg]
[retrina.com/demo/arshia/arshia/cv/assets/img/medal.svg]
[retrina.com/demo/arshia/arshia/cv/assets/img/happy.svg]
[retrina.com/demo/arshia/arshia/cv/assets/img/idea.svg]
[retrina.com/demo/arshia/arshia/cv/assets/img/support.svg]
[retrina.com/demo/arshia/arshia/cv/assets/img/portfolio.svg]
[retrina.com/demo/arshia/arshia/cv/assets/img/responsive-design(1).svg]
[retrina.com/demo/arshia/arshia/cv/assets/img/unlimited.svg]
[retrina.com/demo/arshia/arshia/cv/assets/img/premium-service.svg]
[retrina.com/demo/arshia/arshia/cv/assets/img/phone.svg]
[retrina.com/demo/arshia/arshia/cv/assets/img/location.svg]
[retrina.com/demo/arshia/arshia/cv/assets/img/send.svg]
[retrina.com/demo/arshia/arshia/cv/assets/img/send.svg]
